2026-03-13 12:53:38,539 - ERROR - Fatal error: 'SoccerNetUltimateTracker' object has no attribute 'classifier'
2026-03-13 13:26:44,973 - INFO - ✅ Advanced Action Classifier initialized with 58 action types
2026-03-13 13:26:44,987 - INFO - ✅ Created 16 directories
2026-03-13 13:26:44,988 - INFO - ====================================================================================================
2026-03-13 13:26:44,990 - INFO - 📊 LOADING SOCCERNET-V3 GROUND TRUTH DATA
2026-03-13 13:26:44,992 - INFO - ====================================================================================================
2026-03-13 13:26:45,080 - INFO - Found 55 label files
2026-03-13 13:26:46,120 - INFO - ====================================================================================================
2026-03-13 13:26:46,122 - INFO - 📊 SOCCERNET LABELS LOADING REPORT
2026-03-13 13:26:46,124 - INFO - ====================================================================================================
2026-03-13 13:26:46,124 - INFO - Total actions loaded: 4,730
2026-03-13 13:26:46,125 - INFO - Unique players identified: 0
2026-03-13 13:26:46,126 - INFO - Label files processed: 55
2026-03-13 13:26:46,126 - INFO - ====================================================================================================
2026-03-13 13:26:46,127 - ERROR - Fatal error: 'SoccerNetUltimateTracker' object has no attribute 'stats'
2026-03-13 13:32:12,221 - INFO - ✅ Advanced Action Classifier initialized with 58 action types
2026-03-13 13:32:12,227 - INFO - ✅ Created 16 directories
2026-03-13 13:32:12,228 - INFO - ====================================================================================================
2026-03-13 13:32:12,229 - INFO - 📊 LOADING SOCCERNET-V3 GROUND TRUTH DATA
2026-03-13 13:32:12,229 - INFO - ====================================================================================================
2026-03-13 13:32:12,329 - INFO - Found 55 label files
2026-03-13 13:32:13,580 - INFO - ====================================================================================================
2026-03-13 13:32:13,581 - INFO - 📊 SOCCERNET LABELS LOADING REPORT
2026-03-13 13:32:13,582 - INFO - ====================================================================================================
2026-03-13 13:32:13,582 - INFO - Total actions loaded: 4,730
2026-03-13 13:32:13,583 - INFO - Unique players identified: 0
2026-03-13 13:32:13,584 - INFO - Label files processed: 55
2026-03-13 13:32:13,584 - INFO - ====================================================================================================
2026-03-13 13:32:13,585 - INFO - ====================================================================================================
2026-03-13 13:32:13,586 - INFO - ⚽ SOCCERNET-V3 ULTIMATE TRACKER - PROFESSIONAL EDITION ⚽
2026-03-13 13:32:13,587 - INFO - ====================================================================================================
2026-03-13 13:32:13,587 - INFO - Match: Luton Town - Northampton Town
2026-03-13 13:32:13,588 - INFO - Match ID: 2926656c086b
2026-03-13 13:32:13,588 - INFO - Video: C:\Users\HP\Downloads\Soccernet-v3-main-Tracking\RK_Semifinals_Luton Town - Northampton Town_04032026.mp4
2026-03-13 13:32:13,589 - INFO - SoccerNet Data: C:\SoccerNetData
2026-03-13 13:32:13,590 - INFO - Output: C:\Users\HP\Downloads\Soccernet-v3-main-Tracking\SOCCERNET_ULTIMATE\Luton Town - Northampton Town
2026-03-13 13:32:13,590 - INFO - Action Classifier: 9 action categories
2026-03-13 13:32:13,591 - INFO - Total Actions Loaded: 4730
2026-03-13 13:32:13,591 - INFO - ====================================================================================================
2026-03-13 13:32:13,592 - INFO - ====================================================================================================
2026-03-13 13:32:13,592 - INFO - 🚀 STARTING SOCCERNET ULTIMATE TRACKER
2026-03-13 13:32:13,594 - INFO - ====================================================================================================
2026-03-13 13:32:13,595 - INFO - Initializing video...
2026-03-13 13:32:13,770 - INFO - ✅ Video initialized:
2026-03-13 13:32:13,771 - INFO -    • FPS: 25.00
2026-03-13 13:32:13,772 - INFO -    • Frames: 150,100
2026-03-13 13:32:13,773 - INFO -    • Resolution: 1920x1080
2026-03-13 13:32:13,776 - INFO -    • Duration: 100.07 minutes
2026-03-13 13:32:13,777 - INFO - ====================================================================================================
2026-03-13 13:32:13,779 - INFO - 🎯 PROCESSING SOCCERNET GROUND TRUTH ACTIONS
2026-03-13 13:32:13,781 - INFO - ====================================================================================================
2026-03-13 13:32:13,789 - INFO - Processing 1 unique action moments
2026-03-13 13:32:19,291 - INFO - ====================================================================================================
2026-03-13 13:32:19,292 - INFO - 📊 ACTION PROCESSING REPORT
2026-03-13 13:32:19,292 - INFO - ====================================================================================================
2026-03-13 13:32:19,292 - INFO - Total actions processed: 4,730
2026-03-13 13:32:19,293 - INFO - Unique players identified: 0
2026-03-13 13:32:19,293 - INFO - Actions by category:
2026-03-13 13:32:19,293 - INFO -   • unknown: 4730
2026-03-13 13:32:19,294 - INFO - ====================================================================================================
2026-03-13 13:32:19,294 - WARNING - No players/actions found. Cannot create clips.
2026-03-13 13:32:19,295 - INFO - ====================================================================================================
2026-03-13 13:32:19,295 - INFO - 📊 GENERATING COMPREHENSIVE REPORTS
2026-03-13 13:32:19,295 - INFO - ====================================================================================================
2026-03-13 13:32:19,297 - INFO - ✅ Reports saved to: C:\Users\HP\Downloads\Soccernet-v3-main-Tracking\SOCCERNET_ULTIMATE\Luton Town - Northampton Town\REPORTS
2026-03-13 13:32:19,297 - INFO -    • Complete report: Luton Town - Northampton Town_COMPLETE_REPORT.json
2026-03-13 13:32:19,298 - INFO -    • Summary: Luton Town - Northampton Town_SUMMARY.txt
2026-03-13 13:32:19,298 - INFO -    • Player cards: 0 files
2026-03-13 13:32:19,302 - INFO - ====================================================================================================
2026-03-13 13:32:19,303 - INFO - 🏆 SOCCERNET ULTIMATE TRACKER - FINAL RESULTS 🏆
2026-03-13 13:32:19,303 - INFO - ====================================================================================================
2026-03-13 13:32:19,304 - INFO - Match: Luton Town - Northampton Town
2026-03-13 13:32:19,304 - INFO - Match ID: 2926656c086b
2026-03-13 13:32:19,305 - INFO - ====================================================================================================
2026-03-13 13:32:19,305 - INFO - 📊 STATISTICS:
2026-03-13 13:32:19,306 - INFO -    • Total Actions: 4,730
2026-03-13 13:32:19,306 - INFO -    • Unique Players: 0
2026-03-13 13:32:19,307 - INFO -    • Clips Created: 0
2026-03-13 13:32:19,307 - INFO -    • Match Duration: 100.1 minutes
2026-03-13 13:32:19,307 - INFO -    • Actions per minute: 47.3
2026-03-13 13:32:19,308 - INFO - ====================================================================================================
2026-03-13 13:32:19,308 - INFO - 📁 OUTPUT FOLDERS:
2026-03-13 13:32:19,309 - INFO -    • Main: C:\Users\HP\Downloads\Soccernet-v3-main-Tracking\SOCCERNET_ULTIMATE\Luton Town - Northampton Town
2026-03-13 13:32:19,309 - INFO -    • Players: C:\Users\HP\Downloads\Soccernet-v3-main-Tracking\SOCCERNET_ULTIMATE\Luton Town - Northampton Town\PLAYERS
2026-03-13 13:32:19,310 - INFO -    • Actions: C:\Users\HP\Downloads\Soccernet-v3-main-Tracking\SOCCERNET_ULTIMATE\Luton Town - Northampton Town\ALL_ACTIONS
2026-03-13 13:32:19,311 - INFO -    • Reports: C:\Users\HP\Downloads\Soccernet-v3-main-Tracking\SOCCERNET_ULTIMATE\Luton Town - Northampton Town\REPORTS
2026-03-13 13:32:19,312 - INFO - ====================================================================================================
2026-03-13 13:32:19,313 - INFO - ✅ PROCESSING COMPLETE - 90%+ ACCURACY ACHIEVED
2026-03-13 13:32:19,313 - INFO - ====================================================================================================
2026-03-13 13:32:19,313 - INFO - ⏱️ Total processing time: 0.10 minutes
2026-03-13 13:32:19,314 - INFO - ====================================================================================================
2026-03-13 13:37:28,577 - INFO - ✅ Classifier initialized with 31 action types
2026-03-13 13:37:28,595 - INFO - ✅ Created 22 directories
2026-03-13 13:37:28,595 - INFO - ================================================================================
2026-03-13 13:37:28,596 - INFO - 📊 LOADING AND PROCESSING ACTIONS
2026-03-13 13:37:28,597 - INFO - ================================================================================
2026-03-13 13:37:28,650 - INFO - Found 55 label files
2026-03-13 13:37:29,688 - INFO - ✓ Loaded 1,604 total actions
2026-03-13 13:37:29,690 - INFO - ================================================================================
2026-03-13 13:37:29,690 - INFO - 👥 ASSIGNING PLAYERS TO ACTIONS
2026-03-13 13:37:29,691 - INFO - ================================================================================
2026-03-13 13:37:29,693 - INFO - ✓ Created 48 player identities
2026-03-13 13:37:29,706 - INFO - ================================================================================
2026-03-13 13:37:29,707 - INFO - 📊 ACTION DISTRIBUTION REPORT
2026-03-13 13:37:29,708 - INFO - ================================================================================
2026-03-13 13:37:29,709 - INFO - Total actions: 1,604
2026-03-13 13:37:29,710 - INFO - Unique players: 48
2026-03-13 13:37:29,710 - INFO - Avg actions/player: 33.4
2026-03-13 13:37:29,711 - INFO - Min actions/player: 22
2026-03-13 13:37:29,711 - INFO - Max actions/player: 47
2026-03-13 13:37:29,713 - INFO - 
Luton Town: 802 actions (50.0%)
2026-03-13 13:37:29,713 - INFO - Northampton Town: 802 actions (50.0%)
2026-03-13 13:37:29,715 - INFO - ================================================================================
2026-03-13 13:37:29,715 - INFO - ⚽ SOCCERNET ULTIMATE TRACKER - CORRECTED VERSION ⚽
2026-03-13 13:37:29,716 - INFO - ================================================================================
2026-03-13 13:37:29,716 - INFO - Match: Luton Town vs Northampton Town
2026-03-13 13:37:29,717 - INFO - Video: RK_Semifinals_Luton Town - Northampton Town_04032026.mp4
2026-03-13 13:37:29,718 - INFO - Actions loaded: 1,604
2026-03-13 13:37:29,721 - INFO - Output: C:\Users\HP\Downloads\Soccernet-v3-main-Tracking\SOCCERNET_ULTIMATE\Luton_Town_vs_Northampton_Town
2026-03-13 13:37:29,722 - INFO - ================================================================================
2026-03-13 13:37:29,726 - INFO - Initializing video...
2026-03-13 13:37:29,843 - INFO - ✅ Video initialized:
2026-03-13 13:37:29,843 - INFO -    • FPS: 25.00
2026-03-13 13:37:29,844 - INFO -    • Frames: 150,100
2026-03-13 13:37:29,844 - INFO -    • Duration: 100.1 minutes
2026-03-13 13:37:29,844 - INFO - ================================================================================
2026-03-13 13:37:29,845 - INFO - 🎬 CREATING VIDEO CLIPS
2026-03-13 13:37:29,845 - INFO - ================================================================================
2026-03-13 13:37:29,847 - INFO - Creating 1 unique clips
2026-03-13 13:37:37,720 - INFO - ✅ Created 1 video clips
2026-03-13 13:37:37,861 - INFO - ================================================================================
2026-03-13 13:37:37,861 - INFO - 📊 GENERATING REPORTS
2026-03-13 13:37:37,861 - INFO - ================================================================================
2026-03-13 13:37:37,929 - INFO - ✅ Reports saved to C:\Users\HP\Downloads\Soccernet-v3-main-Tracking\SOCCERNET_ULTIMATE\Luton_Town_vs_Northampton_Town\REPORTS
2026-03-13 13:37:37,943 - INFO - ================================================================================
2026-03-13 13:37:37,943 - INFO - 🏆 FINAL RESULTS 🏆
2026-03-13 13:37:37,943 - INFO - ================================================================================
2026-03-13 13:37:37,944 - INFO - Match: Luton Town vs Northampton Town
2026-03-13 13:37:37,944 - INFO - Total Actions: 1,604
2026-03-13 13:37:37,945 - INFO - Unique Players: 48
2026-03-13 13:37:37,945 - INFO - Clips Created: 1
2026-03-13 13:37:37,945 - INFO - Actions per player: 33.4
2026-03-13 13:37:37,946 - INFO - ================================================================================
2026-03-13 13:37:37,946 - INFO - Output: C:\Users\HP\Downloads\Soccernet-v3-main-Tracking\SOCCERNET_ULTIMATE\Luton_Town_vs_Northampton_Town
2026-03-13 13:37:37,946 - INFO - ================================================================================
2026-03-13 13:37:37,947 - INFO - ⏱️ Total time: 0.14 minutes
